[2026/06/04 23:10:22] knight online  (poll interval 600s)
[2026/06/04 23:10:22] knight online  (poll interval 600s)
[2026/06/04 23:10:22] git pull failed on startup
[2026/06/04 23:10:22] git pull failed on startup
[2026/06/04 23:10:22] git pull failed, will retry
[2026/06/04 23:10:22] git pull failed, will retry
[2026/06/04 23:10:22] no pending spells — polling every 600s
[2026/06/04 23:10:22] no pending spells — polling every 600s
[2026/06/04 23:10:25] knight already running (PID 710), exiting
[2026/06/04 23:10:25] knight already running (PID 710), exiting
wishes/knight.sh: line 1:   740 Hangup                  sleep "$POLL_INTERVAL"
[2026/06/07 13:25:28] knight online  (poll interval 600s)
[2026/06/07 13:25:28] knight online  (poll interval 600s)
[2026/06/07 13:25:28] git pull failed on startup
[2026/06/07 13:25:28] git pull failed on startup
[2026/06/07 13:25:28] git pull failed, will retry
[2026/06/07 13:25:28] git pull failed, will retry
[2026/06/07 13:25:28] no pending spells — polling every 600s
[2026/06/07 13:25:28] no pending spells — polling every 600s
[2026/06/07 13:25:31] knight already running (PID 1001), exiting
[2026/06/07 13:25:31] knight already running (PID 1001), exiting
wishes/knight.sh: line 1:  1034 Hangup                  sleep "$POLL_INTERVAL"
[2026/06/10 22:09:26] knight online  (poll interval 600s)
[2026/06/10 22:09:26] git pull failed on startup
[2026/06/10 22:09:26] git pull failed, will retry
[2026/06/10 22:09:26] 0608 / wish-06 → running
[2026/06/10 22:09:29] knight already running (PID 764), exiting
[2026/06/10 22:09:29] knight already running (PID 764), exiting
